================================================================================
exp_17: Decision Risk Theory for Clinical Confidence Prediction
================================================================================
  Git commit: 702fc02e009f63cb692425e4148e2d84f89ec16a project restart
  Usable cohort size: 88
  Class counts: {'uncertain': 14, 'borderline': 18, 'clear': 56}
  spaCy model: en_core_web_sm v3.8.0
  Preprocessing narrative text...
    Preprocessed 50/88 texts
    Preprocessed 88/88 texts

────────────────────────────────────────────────────────────────────────────────
Phase 1: Pre-computing Base Model Probabilities for MCCV (50 splits)...
────────────────────────────────────────────────────────────────────────────────
  Processed 10/50 MCCV splits
  Processed 20/50 MCCV splits
  Processed 30/50 MCCV splits
  Processed 40/50 MCCV splits
  Processed 50/50 MCCV splits

────────────────────────────────────────────────────────────────────────────────
Phase 2: Pre-computing Base Model Probabilities for LOO (88 folds)...
────────────────────────────────────────────────────────────────────────────────
  Processed 20/88 LOO folds
  Processed 40/88 LOO folds
  Processed 60/88 LOO folds
  Processed 80/88 LOO folds
  Processed 88/88 LOO folds

  Baseline (Always Clear) MCCV: MOE_abs=0.5000, F1_macro=0.2626

────────────────────────────────────────────────────────────────────────────────
Phase 3: Running 50-Condition Grid Search over MCCV...
────────────────────────────────────────────────────────────────────────────────
  Config 10/50 [c_fn_0.20_lambda_1.00_cw_balanced]: pooled_moe=0.4460, f1=0.2916, valid_rate=1.00
  Config 20/50 [c_fn_0.35_lambda_1.00_cw_balanced]: pooled_moe=0.4460, f1=0.2916, valid_rate=1.00
  Config 30/50 [c_fn_0.50_lambda_1.00_cw_balanced]: pooled_moe=0.4460, f1=0.2916, valid_rate=1.00
  Config 40/50 [c_fn_0.65_lambda_1.00_cw_balanced]: pooled_moe=0.4460, f1=0.2916, valid_rate=1.00
  Config 50/50 [c_fn_0.80_lambda_1.00_cw_balanced]: pooled_moe=0.4460, f1=0.2916, valid_rate=1.00

  Saved evaluation scorecard to /home/jmalagont/project/pathology-reasoning/experiments/exp_17/results/evaluation_scorecard.csv

★★★★★★★★★★★★★★★★★★★★★★★★★★★★★★★★★★★★★★★★★★★★★★★★★★★★★★★★★★★★★★★★★★★★★★★★★★★★★★★★
SELECTED MCCV CONFIG: c_fn_0.80_lambda_0.00_cw_balanced
  c_fn: 0.8, c_fp: 0.20, lambda: 0.0, class_weight: balanced
  Pooled MOE_abs: 0.4035 (vs Baseline 0.5000)
  Pooled F1_macro: 0.3212
  Recalls -> unc: 0.4394, brd: 0.3115, clr: 0.3470
★★★★★★★★★★★★★★★★★★★★★★★★★★★★★★★★★★★★★★★★★★★★★★★★★★★★★★★★★★★★★★★★★★★★★★★★★★★★★★★★

────────────────────────────────────────────────────────────────────────────────
Phase 4: Evaluating Selected Config [c_fn_0.80_lambda_0.00_cw_balanced] on LOO (88 folds)...
────────────────────────────────────────────────────────────────────────────────

  LOO Results [c_fn_0.80_lambda_0.00_cw_balanced]:
    LOO MOE_abs:    0.3796
    LOO F1_macro:   0.3703
    LOO Recalls:    unc=0.3571, brd=0.2222, clr=0.5536

================================================================================
EXPERIMENT COMPLETED in 107.05s
Summary written to: /home/jmalagont/project/pathology-reasoning/experiments/exp_17/results/summary.json
================================================================================
