======================================================================
exp_10: TF-IDF + KNN on clinical narrative text
======================================================================

[1/7] Loading data...
  Cohort: 88 cases, 54 yes / 34 no
  Confidence: {'clear': 56, 'borderline': 18, 'uncertain': 14}
  Text samples: 88
  Avg word count (raw): 198

[2/7] Loading spaCy model...
  spaCy model: en_core_web_sm v3.8.0, spacy=>=3.8.0,<3.9.0

[3/7] Preprocessing text...
    Preprocessed 50/88 texts
    Preprocessed 88/88 texts
  Avg word count (processed): 139

[4/7] MCCV search (288 configs × 50 splits)...
  288 configurations × 50 splits = 14400 evaluations
  MCCV: 5/50 splits done
  MCCV: 10/50 splits done
  MCCV: 15/50 splits done
  MCCV: 20/50 splits done
  MCCV: 25/50 splits done
  MCCV: 30/50 splits done
  MCCV: 35/50 splits done
  MCCV: 40/50 splits done
  MCCV: 45/50 splits done
  MCCV: 50/50 splits done

[5/7] Selecting best configuration...
  Best: tfidf_mf2000_knn_n3_metriccosine_weightsdistance_variantconfidence_weighted
  F1_macro=0.6465 +/- 0.1099
  F1_yes  =0.7683 +/- 0.0737
  Balanced_acc=0.6475
  MCC     =0.3319

  Top 5:
    1. tfidf_mf2000_knn_n3_metriccosine_weightsdistance_variantconfidence_weighted: F1_macro=0.6465, brier_score=0.2192, F1_yes=0.7683
    2. tfidf_mfall_knn_n3_metriccosine_weightsdistance_variantconfidence_weighted: F1_macro=0.6465, brier_score=0.2192, F1_yes=0.7683
    3. tfidf_mf2000_knn_n3_metriceuclidean_weightsdistance_variantconfidence_weighted: F1_macro=0.6465, brier_score=0.2196, F1_yes=0.7683
    4. tfidf_mfall_knn_n3_metriceuclidean_weightsdistance_variantconfidence_weighted: F1_macro=0.6465, brier_score=0.2196, F1_yes=0.7683
    5. tfidf_mf1000_knn_n3_metriccosine_weightsdistance_variantconfidence_weighted: F1_macro=0.6347, brier_score=0.2202, F1_yes=0.7604

[6/7] LOO evaluation (best config only)...
  LOO: 20/88 folds done
  LOO: 40/88 folds done
  LOO: 60/88 folds done
  LOO: 80/88 folds done
  LOO F1_macro=0.6613
  LOO F1_yes  =0.7652
  LOO Balanced_acc=0.6574
  LOO MCC     =0.3324
  LOO Brier   =0.7781 (1-Brier), 0.2219 (conv.)

[7/7] Generating confusion matrix figures...
  Confusion matrix figures saved to experiments/exp_10/reports/figures/

  Writing artefacts...

  Artefacts written to experiments/exp_10/results/tfidf_mf2000_knn_n3_metriccosine_weightsdistance_variantconfidence_weighted/
  Figures written to experiments/exp_10/reports/figures/
  Total time: 8.5 min
  Done.
======================================================================
