======================================================================
exp_6: KNN on full MRI embedding (1024 dims, no scaling)
======================================================================

[1/7] Loading data...
/home/jmalagont/project/pathology-reasoning/experiments/exp_6/scripts/run_knn_image_embedding_experiment.py:405: PerformanceWarning: DataFrame is highly fragmented.  This is usually the result of calling `frame.insert` many times, which has poor performance.  Consider joining all columns at once using pd.concat(axis=1) instead. To get a de-fragmented frame, use `newframe = frame.copy()`
  images_df = images_df.set_index("case_id").loc[case_ids].reset_index()
  Cohort: 88 cases, 54 yes / 34 no
  Confidence: {'clear': 56, 'borderline': 18, 'uncertain': 14}
  MRI embedding shape: (88, 1024) (no scaling applied)

[2/7] Validating embedding...
  NaN: 0, Inf: 0
  Range: [-28.8489, 10.2175]
  Mean: -0.3834, Std: 1.7007
  Row norms: [40.72, 72.70]

[3/7] MCCV search (72 configs x 50 splits)...
  72 configurations x 50 splits = 3600 evaluations
  MCCV: 10/50 splits done
  MCCV: 20/50 splits done
  MCCV: 30/50 splits done
  MCCV: 40/50 splits done
  MCCV: 50/50 splits done

[4/7] Selecting best configuration...
  Best: knn_n1_metriceuclidean_weightsdistance_variantconfidence_weighted
  F1_macro=0.5497 +/- 0.0890
  F1_yes  =0.6671 +/- 0.0888
  Balanced_acc=0.5544
  MCC     =0.1176

  Top 5:
    1. knn_n1_metriceuclidean_weightsdistance_variantconfidence_weighted: F1_macro=0.5497, brier_score=0.3558, F1_yes=0.6671
    2. knn_n1_metriceuclidean_weightsuniform_variantconfidence_weighted: F1_macro=0.5497, brier_score=0.3558, F1_yes=0.6671
    3. knn_n1_metriceuclidean_weightsuniform_variantstandard: F1_macro=0.5497, brier_score=0.4144, F1_yes=0.6671
    4. knn_n1_metriceuclidean_weightsdistance_variantstandard: F1_macro=0.5497, brier_score=0.4144, F1_yes=0.6671
    5. knn_n7_metriccosine_weightsuniform_variantstandard: F1_macro=0.5379, brier_score=0.2708, F1_yes=0.6817

[5/7] LOO evaluation (best config only)...
  LOO: 20/88 folds done
  LOO: 40/88 folds done
  LOO: 60/88 folds done
  LOO: 80/88 folds done
  LOO F1_macro=0.5731
  LOO F1_yes  =0.6847
  LOO Balanced_acc=0.5724
  LOO MCC     =0.1477
  LOO Brier   =0.6536 (1-Brier), 0.3464 (conv.)

[6/7] Generating confusion matrix figures...
  Confusion matrix figures saved to experiments/exp_6/reports/figures/

[7/7] Writing artefacts...

  Artefacts written to experiments/exp_6/results/knn_n1_metriceuclidean_weightsdistance_variantconfidence_weighted/
  Figures written to experiments/exp_6/reports/figures/
  Total time: 2.0 min
  Done.
======================================================================
