================================================================================
exp_18: Global Exhaustive Threshold Optimization on Decision Risk
================================================================================
  Git commit: 702fc02e009f63cb692425e4148e2d84f89ec16a project restart
  Usable cohort size: 88
  spaCy model: en_core_web_sm v3.8.0
  Preprocessing narrative text...
    Preprocessed 50/88 texts
    Preprocessed 88/88 texts

────────────────────────────────────────────────────────────────────────────────
Phase 1: Pre-computing Base Model Probabilities for MCCV (50 splits)...
────────────────────────────────────────────────────────────────────────────────
  Processed 10/50 MCCV splits
  Processed 20/50 MCCV splits
  Processed 30/50 MCCV splits
  Processed 40/50 MCCV splits
  Processed 50/50 MCCV splits

────────────────────────────────────────────────────────────────────────────────
Phase 2: Pre-computing Base Model Probabilities for LOO (88 folds)...
────────────────────────────────────────────────────────────────────────────────
  Processed 20/88 LOO folds
  Processed 40/88 LOO folds
  Processed 60/88 LOO folds
  Processed 80/88 LOO folds
  Processed 88/88 LOO folds

  Baseline (Always Clear) MCCV: MOE_abs=0.5000, F1_macro=0.2626

────────────────────────────────────────────────────────────────────────────────
Phase 3: Running 50-Condition Exhaustive Threshold Grid Search over MCCV...
────────────────────────────────────────────────────────────────────────────────
  Config 10/50 [c_fn_0.20_lambda_1.00_mode_exact_balanced_min_recall]: pooled_moe=0.3589, mean_moe=0.3449, pooled_f1=0.2033
  Config 20/50 [c_fn_0.35_lambda_1.00_mode_exact_balanced_min_recall]: pooled_moe=0.3589, mean_moe=0.3449, pooled_f1=0.2033
  Config 30/50 [c_fn_0.50_lambda_1.00_mode_exact_balanced_min_recall]: pooled_moe=0.3589, mean_moe=0.3449, pooled_f1=0.2033
  Config 40/50 [c_fn_0.65_lambda_1.00_mode_exact_balanced_min_recall]: pooled_moe=0.3589, mean_moe=0.3449, pooled_f1=0.2033
  Config 50/50 [c_fn_0.80_lambda_1.00_mode_exact_balanced_min_recall]: pooled_moe=0.3589, mean_moe=0.3449, pooled_f1=0.2033

  Saved evaluation scorecard to /home/jmalagont/project/pathology-reasoning/experiments/exp_18/results/evaluation_scorecard.csv

★★★★★★★★★★★★★★★★★★★★★★★★★★★★★★★★★★★★★★★★★★★★★★★★★★★★★★★★★★★★★★★★★★★★★★★★★★★★★★★★
SELECTED MCCV CONFIG: c_fn_0.65_lambda_0.00_mode_exact_balanced_min_recall
  c_fn: 0.65, c_fp: 0.35, lambda: 0.0, threshold_mode: exact_balanced_min_recall
  MCCV Mean MOE_abs: 0.3183 ± 0.0665
  MCCV Pooled MOE_abs: 0.3315 (vs Baseline 0.5000)
  MCCV Pooled F1_macro: 0.3157
  Recalls -> unc: 0.2273, brd: 0.7650, clr: 0.2274
★★★★★★★★★★★★★★★★★★★★★★★★★★★★★★★★★★★★★★★★★★★★★★★★★★★★★★★★★★★★★★★★★★★★★★★★★★★★★★★★

────────────────────────────────────────────────────────────────────────────────
Phase 4: Evaluating Selected Config [c_fn_0.65_lambda_0.00_mode_exact_balanced_min_recall] on LOO (88 folds)...
────────────────────────────────────────────────────────────────────────────────

  LOO Results [c_fn_0.65_lambda_0.00_mode_exact_balanced_min_recall]:
    LOO MOE_abs:    0.3089
    LOO F1_macro:   0.4078
    LOO Recalls:    unc=0.5000, brd=0.6111, clr=0.2857

================================================================================
EXPERIMENT COMPLETED in 113.31s
Summary written to: /home/jmalagont/project/pathology-reasoning/experiments/exp_18/results/summary.json
================================================================================
